[leverage-template.webflow.io/about.html]
[leverage-template.webflow.io/services.html]
[leverage-template.webflow.io/contact-us.html]
[leverage-template.webflow.io/projects.html]
[leverage-template.webflow.io/project/video-marketing.html]
[leverage-template.webflow.io/prices.html]
[leverage-template.webflow.io/team-member.html]
[leverage-template.webflow.io/blogs.html]
[leverage-template.webflow.io/post/email-campaigns-that-drive-conversions-fast.html]
[leverage-template.webflow.io/service/content-marketing.html]
[leverage-template.webflow.io/404.html]
[backblue.gif]
[fade.gif]
[index.html]
[cdn.prod.website-files.com/69dcb5467199b638883f4588/css/leverage-template.webflow.shared.5476d999a.css]
[ajax.googleapis.com/ajax/libs/webfont/1.6.26/webfont.js]
[cdn.prod.website-files.com/69dcb5467199b638883f4588/69dcb7208079c3906b6b6b88_Favicon-32.png]
[cdn.prod.website-files.com/69dcb5467199b638883f4588/69dcb7270523b6058615f5b1_Favicon-256.png]
[validation-worker.createsomething.workers.dev/app-validator/snippet/review.js]
[leverage-template.webflow.io/utility-pages/style-guide.html]
[leverage-template.webflow.io/utility-pages/instructions.html]
[cdn.prod.website-files.com/69e362f3ced6e65f05bdec7d/69f992fb36485e65440a1143_Team_01.jpg]
[cdn.prod.website-files.com/69e362f3ced6e65f05bdec7d/69f9a4658bca26e4fb2a6d7a_Team_02.jpg]
[cdn.prod.website-files.com/69e362f3ced6e65f05bdec7d/69f9a4cf65673fd058e44b9e_Team_03.jpg]
[leverage-template.webflow.io/401.html]
[d3e54v103j8qbb.cloudfront.net/js/jquery-3.5.1.min.dc5e7f18c8d5a0.js]
[cdn.prod.website-files.com/69dcb5467199b638883f4588/js/webflow.schunk.f106d14b02064521.js]
[cdn.prod.website-files.com/69dcb5467199b638883f4588/js/webflow.43c4f8a1.dd89c804c3a9b266.js]
[cdn.prod.website-files.com/gsap/3.15.0/gsap.min.js]
[cdn.prod.website-files.com/gsap/3.15.0/SplitText.min.js]
[cdn.prod.website-files.com/gsap/3.15.0/ScrollTrigger.min.js]
[cdn.jsdelivr.net/gh/studio-freight/lenis@1.0.23/bundled/lenis.min.js]
[leverage-template.webflow.io/about.html]
[leverage-template.webflow.io/services.html]
[cdn.prod.website-files.com/69dcb5467199b638883f4588/js/webflow.b30fd313.12c370d78326a435.js]
[leverage-template.webflow.io/contact-us.html]
[cdn.prod.website-files.com/69dcb5467199b638883f4588/js/webflow.289a26ac.873bec06b6fcd542.js]
[leverage-template.webflow.io/projects.html]
[leverage-template.webflow.io/project/video-marketing.html]
[leverage-template.webflow.io/prices.html]
[cdn.prod.website-files.com/69e362f3ced6e65f05bdec7d/69f9a5a1a4f128cb54dc4431_Team_06.jpg]
[cdn.prod.website-files.com/69e362f3ced6e65f05bdec7d/69f9a577428517a0361c8453_Team_05.jpg]
[cdn.prod.website-files.com/69e362f3ced6e65f05bdec7d/69f9a58a7e0c5a4dcc306bb6_Team_04.jpg]
[leverage-template.webflow.io/team-member.html]
[cdn.prod.website-files.com/69e362f3ced6e65f05bdec7d/6a49eb864480068d7ca4d38f_Blog_12.jpg]
[cdn.prod.website-files.com/69e362f3ced6e65f05bdec7d/6a49eb9aea04f502e03fc5a2_Blog_Author_12.jpg]
[cdn.prod.website-files.com/69e362f3ced6e65f05bdec7d/6a49eb54f200933aba849451_Blog_11.jpg]
[cdn.prod.website-files.com/69e362f3ced6e65f05bdec7d/6a49eb68d0e0f799d7ae57ab_Blog_Author_11.jpg]
[cdn.prod.website-files.com/69e362f3ced6e65f05bdec7d/6a49eb1d7eb026e80b143435_Blog_10.jpg]
[cdn.prod.website-files.com/69e362f3ced6e65f05bdec7d/6a49eb3226073b99cb666875_Blog_Author_10.jpg]
[cdn.prod.website-files.com/69e362f3ced6e65f05bdec7d/6a49ead1de2bced790e6d7fc_Blog_09.jpg]
[cdn.prod.website-files.com/69e362f3ced6e65f05bdec7d/6a49eaa171a42a59c96e432c_Blog_Author_09.jpg]
[cdn.prod.website-files.com/69e362f3ced6e65f05bdec7d/6a49ea87af17b15abe79fc10_Blog_08.jpg]
[cdn.prod.website-files.com/69e362f3ced6e65f05bdec7d/6a49eaab7eb026e80b142bbc_Blog_Author_08.jpg]
[cdn.prod.website-files.com/69e362f3ced6e65f05bdec7d/6a49ea358eb07b9ca578fda2_Blog_07.jpg]
[cdn.prod.website-files.com/69e362f3ced6e65f05bdec7d/6a49ea566049f151816bfbf6_Blog_Author_07.jpg]
[cdn.prod.website-files.com/69e362f3ced6e65f05bdec7d/69ea0430963400c2acfe9554_Blog_06.jpg]
[cdn.prod.website-files.com/69e362f3ced6e65f05bdec7d/69ea04331f9a89ed39a6b435_Blog_Banner_06.jpg]
[cdn.prod.website-files.com/69e362f3ced6e65f05bdec7d/69ea0449ea720438cd398200_Blog_Author_06.jpg]
[cdn.prod.website-files.com/69e362f3ced6e65f05bdec7d/69ea03f8db48829ab20e72cc_Blog_05.jpg]
[cdn.prod.website-files.com/69e362f3ced6e65f05bdec7d/69ea03fc1112d26cf9fdb912_Blog_Banner_05.jpg]
[cdn.prod.website-files.com/69e362f3ced6e65f05bdec7d/69ea0407df74f74e87843209_Blog_Author_05.jpg]
[cdn.prod.website-files.com/69e362f3ced6e65f05bdec7d/69ea03b68b009bc033432667_Blog_04.jpg]
[cdn.prod.website-files.com/69e362f3ced6e65f05bdec7d/69ea03bb4ae9764ee337f3ef_Blog_Banner_04.jpg]
[cdn.prod.website-files.com/69e362f3ced6e65f05bdec7d/69ea03c7a5a07efd09dd2cab_Blog_Author_04.jpg]
[cdn.prod.website-files.com/69e362f3ced6e65f05bdec7d/69e9f29cde21ce95ce90e00b_Blog_03.jpg]
[cdn.prod.website-files.com/69e362f3ced6e65f05bdec7d/69e9f2a03b097e10f821b7e2_Blog_Banner_03.jpg]
[cdn.prod.website-files.com/69e362f3ced6e65f05bdec7d/69e9f2a9a760dac74f6ab8fb_Blog_Author_03.jpg]
[cdn.prod.website-files.com/69e362f3ced6e65f05bdec7d/69e9f2549b150180dcc2dd3c_Blog_02.jpg]
[cdn.prod.website-files.com/69e362f3ced6e65f05bdec7d/69e9f25c8155e6e5e82de22f_Blog_Banner_02.jpg]
[cdn.prod.website-files.com/69e362f3ced6e65f05bdec7d/69e9f2687aa0699f29fb63f9_Blog_Author_02.jpg]
[cdn.prod.website-files.com/69e362f3ced6e65f05bdec7d/69e9eecb7d1edbef4a963129_Blog_01.jpg]
[cdn.prod.website-files.com/69e362f3ced6e65f05bdec7d/69e9eed4ad0a36dc9c766ded_Blog_Banner_01.jpg]
[cdn.prod.website-files.com/69e362f3ced6e65f05bdec7d/69e9eee9df7f2e453d190b27_Blog_Author_01.jpg]
[leverage-template.webflow.io/blogs.html]
[cdn.prod.website-files.com/69e362f3ced6e65f05bdec7d/69e9eefbda21c57006bbe621_Blog_Post_01.jpg]
[cdn.prod.website-files.com/69e362f3ced6e65f05bdec7d/69e9eefb42e46a4118e3f24a_Blog_Post_02.jpg]
[leverage-template.webflow.io/post/email-campaigns-that-drive-conversions-fast.html]
[leverage-template.webflow.io/service/content-marketing.html]
[leverage-template.webflow.io/404.html]
[cdn.prod.website-files.com/69dcb5467199b638883f4588/css/leverage-template.webflow.shared.5476d999a.css]
[leverage-template.webflow.io/utility-pages/style-guide.html]
[leverage-template.webflow.io/utility-pages/instructions.html]
[leverage-template.webflow.io/401.html]
[leverage-template.webflow.io/team-member/ethan-brooks.html]
[leverage-template.webflow.io/utility-pages/licenses.html]
[leverage-template.webflow.io/utility-pages/changelog.html]
[leverage-template.webflow.io/team-member/ava-thompson.html]
[leverage-template.webflow.io/team-member/jackson-smith.html]
[leverage-template.webflow.io/team-member/chloe-rivera.html]
[leverage-template.webflow.io/service/marketing-strategy.html]
[leverage-template.webflow.io/service/lead-generation.html]
[leverage-template.webflow.io/service/paid-advertising.html]
[leverage-template.webflow.io/service/email-marketing.html]
[leverage-template.webflow.io/service/web-development.html]
[leverage-template.webflow.io/services6fb4.html]
[leverage-template.webflow.io/project/email-campaigns.html]
[leverage-template.webflow.io/project/website-redesign.html]
[leverage-template.webflow.io/project/content-expansion.html]
[leverage-template.webflow.io/project/ppc-ad-strategy.html]
[leverage-template.webflow.io/project/social-activation.html]
[leverage-template.webflow.io/team-member/owen-parker.html]
[leverage-template.webflow.io/team-member/lily-martinez.html]
[leverage-template.webflow.io/team-member/cole-harrison.html]
[leverage-template.webflow.io/team-member/sophia-williams.html]
[leverage-template.webflow.io/team-member/caleb-hughes.html]
[leverage-template.webflow.io/team-member7b91.html]
[leverage-template.webflow.io/post/how-modern-brands-use-ai-to-improve-digital-marketing.html]
[leverage-template.webflow.io/post/creating-high-converting-landing-pages-for-businesses.html]
[leverage-template.webflow.io/post/email-marketing-best-practices-for-higher-engagement.html]
[leverage-template.webflow.io/post/how-data-analytics-improves-marketing-performance.html]
[leverage-template.webflow.io/post/simple-marketing-automation-tips-that-save-time.html]
[leverage-template.webflow.io/post/the-future-of-seo-in-an-ai-driven-search-world.html]
[leverage-template.webflow.io/post/why-every-business-needs-a-content-strategy.html]
[leverage-template.webflow.io/post/content-marketing-ideas-that-actually-work.html]
[leverage-template.webflow.io/post/effective-seo-strategies-for-modern-businesses.html]
[leverage-template.webflow.io/post/strong-branding-creates-customer-trust-worldwide.html]
[leverage-template.webflow.io/post/building-lasting-trust-with-strong-branding-strategies.html]
[leverage-template.webflow.io/post/social-media-trends-in-2026-for-modern-brands.html]
